
> gestion-etablissement@0.0.0 build
> ng build

npm : - Building...
At line:1 char:1
+ npm run build > 
build_error.log 2>&1
+ ~~~~~~~~~~~~~~~~~~~~~~~~~~
~~~~~~~~~~
    + CategoryInfo          
    : NotSpecified: (- Bui  
  lding...:String) [], Re   
 moteException
    + FullyQualifiedErrorId 
    : NativeCommandError
 

Prerendered 0 static routes.
Application bundle generation failed. [7.202 seconds]

X [ERROR] TS2304: Cannot 
find name 'User'. [plugin 
angular-compiler]

    src/app/features/student
/student-dashboard/student-d
ashboard.component.ts:64:50:
      64 Ôöé     this.authSe
rvice.currentUser.subscribe(
(user: User | null) => {
         ÔòÁ                
                            
       ~~~~


X [ERROR] TS2304: Cannot 
find name 'User'. [plugin 
angular-compiler]

    src/app/features/trainer
/trainer-dashboard/trainer-d
ashboard.component.ts:37:50:
      37 Ôöé     this.authSe
rvice.currentUser.subscribe(
(user: User | null) => {
         ÔòÁ                
                            
       ~~~~


